<html>
<body>
<pre>
<h1>µVision Build Log</h1>
<h2>Tool Versions:</h2>
IDE-Version: ¶ÃVision V5.25.2.0
Copyright (C) 2018 ARM Ltd and ARM Germany GmbH. All rights reserved.
License Information: aa liaoruijin@outlook.com, as, LIC=D0D7S-LQYWE-569Q2-9LMW9-9KMD8-M4BF1
 
Tool Versions:
Toolchain:       MDK-ARM Plus  Version: 5.25.2.0
Toolchain Path:  D:\bearPi\mdk_code\ARM\ARMCC\Bin
C Compiler:      Armcc.exe V5.06 update 6 (build 750)
Assembler:       Armasm.exe V5.06 update 6 (build 750)
Linker/Locator:  ArmLink.exe V5.06 update 6 (build 750)
Library Manager: ArmAr.exe V5.06 update 6 (build 750)
Hex Converter:   FromElf.exe V5.06 update 6 (build 750)
CPU DLL:         SARMCM3.DLL V5.25.2.0
Dialog DLL:      DCM.DLL V1.17.1.0
Target DLL:      STLink\ST-LINKIII-KEIL_SWO.dll V3.0.1.0
Dialog DLL:      TCM.DLL V1.35.1.0
 
<h2>Project:</h2>
d:\«∂»Î Ω\core\LiteOS\Project\RVMDK£®uv5£©\Fire_LiteOS.uvprojx
Project File Date:  04/14/2021

<h2>Output:</h2>
*** Using Compiler 'V5.06 update 6 (build 750)', folder: 'D:\bearPi\mdk_code\ARM\ARMCC\Bin'
Build target 'Fire_LiteOS'
compiling los_sys.c...
compiling los_tick.c...
compiling los_timeslice.c...
compiling los_priqueue.c...
compiling main.c...
compiling los_swtmr.c...
compiling los_task.c...
compiling cmsis_liteos.c...
compiling los_misc.c...
compiling los_heap.c...
compiling los_err.c...
compiling los_memcheck.c...
compiling los_event.c...
compiling los_mux.c...
compiling los_sem.c...
compiling los_queue.c...
compiling los_init.c...
compiling los_membox.c...
compiling los_slab.c...
compiling los_memory.c...
compiling los_memstat.c...
compiling los_hw.c...
compiling los_slabmem.c...
compiling los_hw_tick.c...
compiling los_hwi.c...
linking...
Program Size: Code=18208 RO-data=672 RW-data=232 ZI-data=1368  
FromELF: creating hex file...
"..\..\Output\Fire_LiteOS.axf" - 0 Error(s), 0 Warning(s).

<h2>Software Packages used:</h2>

Package Vendor: Keil
                http://www.keil.com/pack/Keil.STM32F1xx_DFP.2.3.0.pack
                Keil.STM32F1xx_DFP.2.3.0
                STMicroelectronics STM32F1 Series Device Support, Drivers and Examples

<h2>Collection of Component include folders:</h2>
  .\RTE\_Fire_LiteOS
  D:\bearPi\mdk_code\ARM\PACK\Keil\STM32F1xx_DFP\2.3.0\Device\Include

<h2>Collection of Component Files used:</h2>
Build Time Elapsed:  00:00:08
</pre>
</body>
</html>
